{
  "config": {
    "configFile": "D:\\SADS2\\playwright.config.ts",
    "rootDir": "D:/SADS2/tests",
    "forbidOnly": false,
    "fullyParallel": false,
    "globalSetup": null,
    "globalTeardown": null,
    "globalTimeout": 0,
    "grep": {},
    "grepInvert": null,
    "maxFailures": 0,
    "metadata": {
      "actualWorkers": 1
    },
    "preserveOutput": "always",
    "reporter": [
      [
        "html"
      ],
      [
        "json"
      ]
    ],
    "reportSlowTests": {
      "max": 5,
      "threshold": 300000
    },
    "quiet": false,
    "projects": [
      {
        "outputDir": "D:/SADS2/test-results",
        "repeatEach": 1,
        "retries": 0,
        "metadata": {
          "actualWorkers": 1
        },
        "id": "chromium",
        "name": "chromium",
        "testDir": "D:/SADS2/tests",
        "testIgnore": [],
        "testMatch": [
          "**/*.@(spec|test).?(c|m)[jt]s?(x)"
        ],
        "timeout": 30000
      }
    ],
    "shard": null,
    "updateSnapshots": "missing",
    "updateSourceMethod": "patch",
    "version": "1.56.1",
    "workers": 1,
    "webServer": {
      "command": "cd frontend && npm run dev",
      "url": "http://localhost:5174",
      "reuseExistingServer": true,
      "timeout": 120000
    }
  },
  "suites": [
    {
      "title": "01-authentication.spec.ts",
      "file": "01-authentication.spec.ts",
      "column": 0,
      "line": 0,
      "specs": [],
      "suites": [
        {
          "title": "Authentication Tests",
          "file": "01-authentication.spec.ts",
          "line": 3,
          "column": 6,
          "specs": [
            {
              "title": "should display landing page correctly",
              "ok": false,
              "tags": [],
              "tests": [
                {
                  "timeout": 30000,
                  "annotations": [],
                  "expectedStatus": "passed",
                  "projectId": "chromium",
                  "projectName": "chromium",
                  "results": [
                    {
                      "workerIndex": 0,
                      "parallelIndex": 0,
                      "status": "timedOut",
                      "duration": 30979,
                      "error": {
                        "message": "\u001b[31mTest timeout of 30000ms exceeded.\u001b[39m",
                        "stack": "\u001b[31mTest timeout of 30000ms exceeded.\u001b[39m"
                      },
                      "errors": [
                        {
                          "message": "\u001b[31mTest timeout of 30000ms exceeded.\u001b[39m"
                        },
                        {
                          "location": {
                            "file": "D:\\SADS2\\tests\\01-authentication.spec.ts",
                            "column": 24,
                            "line": 9
                          },
                          "message": "Error: \u001b[2mexpect(\u001b[22m\u001b[31mpage\u001b[39m\u001b[2m).\u001b[22mtoHaveTitle\u001b[2m(\u001b[22m\u001b[32mexpected\u001b[39m\u001b[2m)\u001b[22m failed\n\nExpected pattern: \u001b[32m/SADS/i\u001b[39m\nReceived string:  \u001b[31m\"Smart Animal Deterrant System - Landing Page\"\u001b[39m\n\nCall log:\n\u001b[2m  - Expect \"toHaveTitle\" with timeout 5000ms\u001b[22m\n\u001b[2m    6 ├ù unexpected value \"Smart Animal Deterrant System - Landing Page\"\u001b[22m\n\n\n   7 |\n   8 |   test('should display landing page correctly', async ({ page }) => {\n>  9 |     await expect(page).toHaveTitle(/SADS/i);\n     |                        ^\n  10 |     await expect(page.locator('text=SADS')).toBeVisible();\n  11 |   });\n  12 |\n    at D:\\SADS2\\tests\\01-authentication.spec.ts:9:24"
                        }
                      ],
                      "stdout": [],
                      "stderr": [],
                      "retry": 0,
                      "startTime": "2025-10-28T02:19:19.281Z",
                      "annotations": [],
                      "attachments": [
                        {
                          "name": "screenshot",
                          "contentType": "image/png",
                          "path": "D:\\SADS2\\test-results\\01-authentication-Authenti-8bc71-play-landing-page-correctly-chromium\\test-failed-1.png"
                        },
                        {
                          "name": "video",
                          "contentType": "video/webm",
                          "path": "D:\\SADS2\\test-results\\01-authentication-Authenti-8bc71-play-landing-page-correctly-chromium\\video.webm"
                        },
                        {
                          "name": "error-context",
                          "contentType": "text/markdown",
                          "path": "D:\\SADS2\\test-results\\01-authentication-Authenti-8bc71-play-landing-page-correctly-chromium\\error-context.md"
                        }
                      ]
                    }
                  ],
                  "status": "unexpected"
                }
              ],
              "id": "4b4d36e9b0558f4ed4af-6b32c727042c6d3bcfa9",
              "file": "01-authentication.spec.ts",
              "line": 8,
              "column": 7
            },
            {
              "title": "should navigate to login page",
              "ok": true,
              "tags": [],
              "tests": [
                {
                  "timeout": 30000,
                  "annotations": [],
                  "expectedStatus": "passed",
                  "projectId": "chromium",
                  "projectName": "chromium",
                  "results": [
                    {
                      "workerIndex": 1,
                      "parallelIndex": 0,
                      "status": "passed",
                      "duration": 17987,
                      "errors": [],
                      "stdout": [],
                      "stderr": [],
                      "retry": 0,
                      "startTime": "2025-10-28T02:19:56.044Z",
                      "annotations": [],
                      "attachments": []
                    }
                  ],
                  "status": "expected"
                }
              ],
              "id": "4b4d36e9b0558f4ed4af-eeca85137424829c7f9c",
              "file": "01-authentication.spec.ts",
              "line": 13,
              "column": 7
            },
            {
              "title": "should navigate to register page",
              "ok": true,
              "tags": [],
              "tests": [
                {
                  "timeout": 30000,
                  "annotations": [],
                  "expectedStatus": "passed",
                  "projectId": "chromium",
                  "projectName": "chromium",
                  "results": [
                    {
                      "workerIndex": 1,
                      "parallelIndex": 0,
                      "status": "passed",
                      "duration": 4603,
                      "errors": [],
                      "stdout": [],
                      "stderr": [],
                      "retry": 0,
                      "startTime": "2025-10-28T02:20:15.282Z",
                      "annotations": [],
                      "attachments": []
                    }
                  ],
                  "status": "expected"
                }
              ],
              "id": "4b4d36e9b0558f4ed4af-ffeac70d1fc29c32b7ac",
              "file": "01-authentication.spec.ts",
              "line": 20,
              "column": 7
            },
            {
              "title": "should show validation errors for empty login",
              "ok": true,
              "tags": [],
              "tests": [
                {
                  "timeout": 30000,
                  "annotations": [],
                  "expectedStatus": "passed",
                  "projectId": "chromium",
                  "projectName": "chromium",
                  "results": [
                    {
                      "workerIndex": 1,
                      "parallelIndex": 0,
                      "status": "passed",
                      "duration": 4398,
                      "errors": [],
                      "stdout": [],
                      "stderr": [],
                      "retry": 0,
                      "startTime": "2025-10-28T02:20:19.934Z",
                      "annotations": [],
                      "attachments": []
                    }
                  ],
                  "status": "expected"
                }
              ],
              "id": "4b4d36e9b0558f4ed4af-7cf3788596c8c5f9387f",
              "file": "01-authentication.spec.ts",
              "line": 26,
              "column": 7
            },
            {
              "title": "should show validation error for invalid email format",
              "ok": true,
              "tags": [],
              "tests": [
                {
                  "timeout": 30000,
                  "annotations": [],
                  "expectedStatus": "passed",
                  "projectId": "chromium",
                  "projectName": "chromium",
                  "results": [
                    {
                      "workerIndex": 1,
                      "parallelIndex": 0,
                      "status": "passed",
                      "duration": 8786,
                      "errors": [],
                      "stdout": [],
                      "stderr": [],
                      "retry": 0,
                      "startTime": "2025-10-28T02:20:24.367Z",
                      "annotations": [],
                      "attachments": []
                    }
                  ],
                  "status": "expected"
                }
              ],
              "id": "4b4d36e9b0558f4ed4af-1a5c26f6bf3c7417e2c8",
              "file": "01-authentication.spec.ts",
              "line": 38,
              "column": 7
            },
            {
              "title": "should attempt login with credentials",
              "ok": true,
              "tags": [],
              "tests": [
                {
                  "timeout": 30000,
                  "annotations": [],
                  "expectedStatus": "passed",
                  "projectId": "chromium",
                  "projectName": "chromium",
                  "results": [
                    {
                      "workerIndex": 1,
                      "parallelIndex": 0,
                      "status": "passed",
                      "duration": 7799,
                      "errors": [],
                      "stdout": [
                        {
                          "text": "After login URL: http://localhost:5174/login\n"
                        }
                      ],
                      "stderr": [],
                      "retry": 0,
                      "startTime": "2025-10-28T02:20:33.184Z",
                      "annotations": [],
                      "attachments": []
                    }
                  ],
                  "status": "expected"
                }
              ],
              "id": "4b4d36e9b0558f4ed4af-9e8c8c7a8517497cb50d",
              "file": "01-authentication.spec.ts",
              "line": 48,
              "column": 7
            },
            {
              "title": "should display Continue with Google button",
              "ok": false,
              "tags": [],
              "tests": [
                {
                  "timeout": 30000,
                  "annotations": [],
                  "expectedStatus": "passed",
                  "projectId": "chromium",
                  "projectName": "chromium",
                  "results": [
                    {
                      "workerIndex": 1,
                      "parallelIndex": 0,
                      "status": "failed",
                      "duration": 10140,
                      "error": {
                        "message": "Error: \u001b[2mexpect(\u001b[22m\u001b[31mlocator\u001b[39m\u001b[2m).\u001b[22mtoBeVisible\u001b[2m(\u001b[22m\u001b[2m)\u001b[22m failed\n\nLocator: locator('button:has-text(\"Continue with Google\")')\nExpected: visible\nTimeout: 5000ms\nError: element(s) not found\n\nCall log:\n\u001b[2m  - Expect \"toBeVisible\" with timeout 5000ms\u001b[22m\n\u001b[2m  - waiting for locator('button:has-text(\"Continue with Google\")')\u001b[22m\n",
                        "stack": "Error: \u001b[2mexpect(\u001b[22m\u001b[31mlocator\u001b[39m\u001b[2m).\u001b[22mtoBeVisible\u001b[2m(\u001b[22m\u001b[2m)\u001b[22m failed\n\nLocator: locator('button:has-text(\"Continue with Google\")')\nExpected: visible\nTimeout: 5000ms\nError: element(s) not found\n\nCall log:\n\u001b[2m  - Expect \"toBeVisible\" with timeout 5000ms\u001b[22m\n\u001b[2m  - waiting for locator('button:has-text(\"Continue with Google\")')\u001b[22m\n\n    at D:\\SADS2\\tests\\01-authentication.spec.ts:68:75",
                        "location": {
                          "file": "D:\\SADS2\\tests\\01-authentication.spec.ts",
                          "column": 75,
                          "line": 68
                        },
                        "snippet": "  66 |   test('should display Continue with Google button', async ({ page }) => {\n  67 |     await page.goto('/login');\n> 68 |     await expect(page.locator('button:has-text(\"Continue with Google\")')).toBeVisible();\n     |                                                                           ^\n  69 |   });\n  70 |\n  71 |   test('should navigate between login and register', async ({ page }) => {"
                      },
                      "errors": [
                        {
                          "location": {
                            "file": "D:\\SADS2\\tests\\01-authentication.spec.ts",
                            "column": 75,
                            "line": 68
                          },
                          "message": "Error: \u001b[2mexpect(\u001b[22m\u001b[31mlocator\u001b[39m\u001b[2m).\u001b[22mtoBeVisible\u001b[2m(\u001b[22m\u001b[2m)\u001b[22m failed\n\nLocator: locator('button:has-text(\"Continue with Google\")')\nExpected: visible\nTimeout: 5000ms\nError: element(s) not found\n\nCall log:\n\u001b[2m  - Expect \"toBeVisible\" with timeout 5000ms\u001b[22m\n\u001b[2m  - waiting for locator('button:has-text(\"Continue with Google\")')\u001b[22m\n\n\n  66 |   test('should display Continue with Google button', async ({ page }) => {\n  67 |     await page.goto('/login');\n> 68 |     await expect(page.locator('button:has-text(\"Continue with Google\")')).toBeVisible();\n     |                                                                           ^\n  69 |   });\n  70 |\n  71 |   test('should navigate between login and register', async ({ page }) => {\n    at D:\\SADS2\\tests\\01-authentication.spec.ts:68:75"
                        }
                      ],
                      "stdout": [],
                      "stderr": [],
                      "retry": 0,
                      "startTime": "2025-10-28T02:20:41.019Z",
                      "annotations": [],
                      "attachments": [
                        {
                          "name": "screenshot",
                          "contentType": "image/png",
                          "path": "D:\\SADS2\\test-results\\01-authentication-Authenti-5c8d3-Continue-with-Google-button-chromium\\test-failed-1.png"
                        },
                        {
                          "name": "video",
                          "contentType": "video/webm",
                          "path": "D:\\SADS2\\test-results\\01-authentication-Authenti-5c8d3-Continue-with-Google-button-chromium\\video.webm"
                        },
                        {
                          "name": "error-context",
                          "contentType": "text/markdown",
                          "path": "D:\\SADS2\\test-results\\01-authentication-Authenti-5c8d3-Continue-with-Google-button-chromium\\error-context.md"
                        }
                      ],
                      "errorLocation": {
                        "file": "D:\\SADS2\\tests\\01-authentication.spec.ts",
                        "column": 75,
                        "line": 68
                      }
                    }
                  ],
                  "status": "unexpected"
                }
              ],
              "id": "4b4d36e9b0558f4ed4af-777cd43c009e0a7c6406",
              "file": "01-authentication.spec.ts",
              "line": 66,
              "column": 7
            },
            {
              "title": "should navigate between login and register",
              "ok": true,
              "tags": [],
              "tests": [
                {
                  "timeout": 30000,
                  "annotations": [],
                  "expectedStatus": "passed",
                  "projectId": "chromium",
                  "projectName": "chromium",
                  "results": [
                    {
                      "workerIndex": 2,
                      "parallelIndex": 0,
                      "status": "passed",
                      "duration": 9208,
                      "errors": [],
                      "stdout": [],
                      "stderr": [],
                      "retry": 0,
                      "startTime": "2025-10-28T02:20:53.792Z",
                      "annotations": [],
                      "attachments": []
                    }
                  ],
                  "status": "expected"
                }
              ],
              "id": "4b4d36e9b0558f4ed4af-70fb7f3b5b26ff4dad49",
              "file": "01-authentication.spec.ts",
              "line": 71,
              "column": 7
            },
            {
              "title": "should validate registration form fields",
              "ok": true,
              "tags": [],
              "tests": [
                {
                  "timeout": 30000,
                  "annotations": [],
                  "expectedStatus": "passed",
                  "projectId": "chromium",
                  "projectName": "chromium",
                  "results": [
                    {
                      "workerIndex": 2,
                      "parallelIndex": 0,
                      "status": "passed",
                      "duration": 4035,
                      "errors": [],
                      "stdout": [],
                      "stderr": [],
                      "retry": 0,
                      "startTime": "2025-10-28T02:21:04.212Z",
                      "annotations": [],
                      "attachments": []
                    }
                  ],
                  "status": "expected"
                }
              ],
              "id": "4b4d36e9b0558f4ed4af-6e0a4c6516f977b57b40",
              "file": "01-authentication.spec.ts",
              "line": 82,
              "column": 7
            },
            {
              "title": "should toggle password visibility",
              "ok": true,
              "tags": [],
              "tests": [
                {
                  "timeout": 30000,
                  "annotations": [],
                  "expectedStatus": "passed",
                  "projectId": "chromium",
                  "projectName": "chromium",
                  "results": [
                    {
                      "workerIndex": 2,
                      "parallelIndex": 0,
                      "status": "passed",
                      "duration": 4255,
                      "errors": [],
                      "stdout": [],
                      "stderr": [],
                      "retry": 0,
                      "startTime": "2025-10-28T02:21:08.290Z",
                      "annotations": [],
                      "attachments": []
                    }
                  ],
                  "status": "expected"
                }
              ],
              "id": "4b4d36e9b0558f4ed4af-48499a891b0883cd75ae",
              "file": "01-authentication.spec.ts",
              "line": 91,
              "column": 7
            }
          ]
        }
      ]
    },
    {
      "title": "02-manager-dashboard.spec.ts",
      "file": "02-manager-dashboard.spec.ts",
      "column": 0,
      "line": 0,
      "specs": [],
      "suites": [
        {
          "title": "Manager Dashboard Tests",
          "file": "02-manager-dashboard.spec.ts",
          "line": 3,
          "column": 6,
          "specs": [
            {
              "title": "should display manager dashboard layout",
              "ok": true,
              "tags": [],
              "tests": [
                {
                  "timeout": 30000,
                  "annotations": [],
                  "expectedStatus": "passed",
                  "projectId": "chromium",
                  "projectName": "chromium",
                  "results": [
                    {
                      "workerIndex": 2,
                      "parallelIndex": 0,
                      "status": "passed",
                      "duration": 7557,
                      "errors": [],
                      "stdout": [
                        {
                          "text": "Login may have failed, checking login page elements\n"
                        }
                      ],
                      "stderr": [],
                      "retry": 0,
                      "startTime": "2025-10-28T02:21:12.588Z",
                      "annotations": [],
                      "attachments": []
                    }
                  ],
                  "status": "expected"
                }
              ],
              "id": "ae8ff44263c06f0b6cdf-f09defd0b19aa0f8c008",
              "file": "02-manager-dashboard.spec.ts",
              "line": 17,
              "column": 7
            },
            {
              "title": "should display sidebar navigation items",
              "ok": true,
              "tags": [],
              "tests": [
                {
                  "timeout": 30000,
                  "annotations": [],
                  "expectedStatus": "passed",
                  "projectId": "chromium",
                  "projectName": "chromium",
                  "results": [
                    {
                      "workerIndex": 2,
                      "parallelIndex": 0,
                      "status": "passed",
                      "duration": 6822,
                      "errors": [],
                      "stdout": [],
                      "stderr": [],
                      "retry": 0,
                      "startTime": "2025-10-28T02:21:20.180Z",
                      "annotations": [],
                      "attachments": []
                    }
                  ],
                  "status": "expected"
                }
              ],
              "id": "ae8ff44263c06f0b6cdf-67fa43780d5b41f769ec",
              "file": "02-manager-dashboard.spec.ts",
              "line": 30,
              "column": 7
            },
            {
              "title": "should display stats cards",
              "ok": true,
              "tags": [],
              "tests": [
                {
                  "timeout": 30000,
                  "annotations": [],
                  "expectedStatus": "passed",
                  "projectId": "chromium",
                  "projectName": "chromium",
                  "results": [
                    {
                      "workerIndex": 2,
                      "parallelIndex": 0,
                      "status": "passed",
                      "duration": 6780,
                      "errors": [],
                      "stdout": [],
                      "stderr": [],
                      "retry": 0,
                      "startTime": "2025-10-28T02:21:27.042Z",
                      "annotations": [],
                      "attachments": []
                    }
                  ],
                  "status": "expected"
                }
              ],
              "id": "ae8ff44263c06f0b6cdf-674f18a94cabad92fef2",
              "file": "02-manager-dashboard.spec.ts",
              "line": 40,
              "column": 7
            },
            {
              "title": "should display live camera feed section",
              "ok": true,
              "tags": [],
              "tests": [
                {
                  "timeout": 30000,
                  "annotations": [],
                  "expectedStatus": "passed",
                  "projectId": "chromium",
                  "projectName": "chromium",
                  "results": [
                    {
                      "workerIndex": 2,
                      "parallelIndex": 0,
                      "status": "passed",
                      "duration": 8113,
                      "errors": [],
                      "stdout": [],
                      "stderr": [],
                      "retry": 0,
                      "startTime": "2025-10-28T02:21:33.848Z",
                      "annotations": [],
                      "attachments": []
                    }
                  ],
                  "status": "expected"
                }
              ],
              "id": "ae8ff44263c06f0b6cdf-086697f94809e836d72c",
              "file": "02-manager-dashboard.spec.ts",
              "line": 51,
              "column": 7
            },
            {
              "title": "should have enable detection toggle",
              "ok": true,
              "tags": [],
              "tests": [
                {
                  "timeout": 30000,
                  "annotations": [],
                  "expectedStatus": "passed",
                  "projectId": "chromium",
                  "projectName": "chromium",
                  "results": [
                    {
                      "workerIndex": 2,
                      "parallelIndex": 0,
                      "status": "passed",
                      "duration": 6842,
                      "errors": [],
                      "stdout": [],
                      "stderr": [],
                      "retry": 0,
                      "startTime": "2025-10-28T02:21:41.986Z",
                      "annotations": [],
                      "attachments": []
                    }
                  ],
                  "status": "expected"
                }
              ],
              "id": "ae8ff44263c06f0b6cdf-9c057abe2e5a08bcc4cb",
              "file": "02-manager-dashboard.spec.ts",
              "line": 60,
              "column": 7
            },
            {
              "title": "should display detection reports table",
              "ok": true,
              "tags": [],
              "tests": [
                {
                  "timeout": 30000,
                  "annotations": [],
                  "expectedStatus": "passed",
                  "projectId": "chromium",
                  "projectName": "chromium",
                  "results": [
                    {
                      "workerIndex": 2,
                      "parallelIndex": 0,
                      "status": "passed",
                      "duration": 6725,
                      "errors": [],
                      "stdout": [],
                      "stderr": [],
                      "retry": 0,
                      "startTime": "2025-10-28T02:21:48.854Z",
                      "annotations": [],
                      "attachments": []
                    }
                  ],
                  "status": "expected"
                }
              ],
              "id": "ae8ff44263c06f0b6cdf-404b90168863677be9c9",
              "file": "02-manager-dashboard.spec.ts",
              "line": 69,
              "column": 7
            },
            {
              "title": "should navigate to Detection Report page from sidebar",
              "ok": true,
              "tags": [],
              "tests": [
                {
                  "timeout": 30000,
                  "annotations": [],
                  "expectedStatus": "passed",
                  "projectId": "chromium",
                  "projectName": "chromium",
                  "results": [
                    {
                      "workerIndex": 2,
                      "parallelIndex": 0,
                      "status": "passed",
                      "duration": 7038,
                      "errors": [],
                      "stdout": [],
                      "stderr": [],
                      "retry": 0,
                      "startTime": "2025-10-28T02:21:55.605Z",
                      "annotations": [],
                      "attachments": []
                    }
                  ],
                  "status": "expected"
                }
              ],
              "id": "ae8ff44263c06f0b6cdf-08227d3e152fc757e73b",
              "file": "02-manager-dashboard.spec.ts",
              "line": 82,
              "column": 7
            },
            {
              "title": "should display quick actions section",
              "ok": true,
              "tags": [],
              "tests": [
                {
                  "timeout": 30000,
                  "annotations": [],
                  "expectedStatus": "passed",
                  "projectId": "chromium",
                  "projectName": "chromium",
                  "results": [
                    {
                      "workerIndex": 2,
                      "parallelIndex": 0,
                      "status": "passed",
                      "duration": 6544,
                      "errors": [],
                      "stdout": [],
                      "stderr": [],
                      "retry": 0,
                      "startTime": "2025-10-28T02:22:02.670Z",
                      "annotations": [],
                      "attachments": []
                    }
                  ],
                  "status": "expected"
                }
              ],
              "id": "ae8ff44263c06f0b6cdf-37a9bb9f721be8b3be51",
              "file": "02-manager-dashboard.spec.ts",
              "line": 95,
              "column": 7
            },
            {
              "title": "should have logout functionality",
              "ok": true,
              "tags": [],
              "tests": [
                {
                  "timeout": 30000,
                  "annotations": [],
                  "expectedStatus": "passed",
                  "projectId": "chromium",
                  "projectName": "chromium",
                  "results": [
                    {
                      "workerIndex": 2,
                      "parallelIndex": 0,
                      "status": "passed",
                      "duration": 6582,
                      "errors": [],
                      "stdout": [],
                      "stderr": [],
                      "retry": 0,
                      "startTime": "2025-10-28T02:22:09.244Z",
                      "annotations": [],
                      "attachments": []
                    }
                  ],
                  "status": "expected"
                }
              ],
              "id": "ae8ff44263c06f0b6cdf-c1d653cb9fb9ef146694",
              "file": "02-manager-dashboard.spec.ts",
              "line": 105,
              "column": 7
            },
            {
              "title": "should display notifications icon",
              "ok": true,
              "tags": [],
              "tests": [
                {
                  "timeout": 30000,
                  "annotations": [],
                  "expectedStatus": "passed",
                  "projectId": "chromium",
                  "projectName": "chromium",
                  "results": [
                    {
                      "workerIndex": 2,
                      "parallelIndex": 0,
                      "status": "passed",
                      "duration": 6416,
                      "errors": [],
                      "stdout": [],
                      "stderr": [],
                      "retry": 0,
                      "startTime": "2025-10-28T02:22:15.852Z",
                      "annotations": [],
                      "attachments": []
                    }
                  ],
                  "status": "expected"
                }
              ],
              "id": "ae8ff44263c06f0b6cdf-9289877a67747dc7b755",
              "file": "02-manager-dashboard.spec.ts",
              "line": 114,
              "column": 7
            }
          ]
        }
      ]
    },
    {
      "title": "03-admin-features.spec.ts",
      "file": "03-admin-features.spec.ts",
      "column": 0,
      "line": 0,
      "specs": [],
      "suites": [
        {
          "title": "Admin Features Tests",
          "file": "03-admin-features.spec.ts",
          "line": 3,
          "column": 6,
          "specs": [
            {
              "title": "should access admin dashboard",
              "ok": true,
              "tags": [],
              "tests": [
                {
                  "timeout": 30000,
                  "annotations": [],
                  "expectedStatus": "passed",
                  "projectId": "chromium",
                  "projectName": "chromium",
                  "results": [
                    {
                      "workerIndex": 2,
                      "parallelIndex": 0,
                      "status": "passed",
                      "duration": 6901,
                      "errors": [],
                      "stdout": [
                        {
                          "text": "Admin access may be restricted or login failed\n"
                        }
                      ],
                      "stderr": [],
                      "retry": 0,
                      "startTime": "2025-10-28T02:22:22.308Z",
                      "annotations": [],
                      "attachments": []
                    }
                  ],
                  "status": "expected"
                }
              ],
              "id": "14bef32a269f3c3a173b-47802f43bc153b9831ef",
              "file": "03-admin-features.spec.ts",
              "line": 15,
              "column": 7
            },
            {
              "title": "should display admin sidebar with navigation",
              "ok": true,
              "tags": [],
              "tests": [
                {
                  "timeout": 30000,
                  "annotations": [],
                  "expectedStatus": "passed",
                  "projectId": "chromium",
                  "projectName": "chromium",
                  "results": [
                    {
                      "workerIndex": 2,
                      "parallelIndex": 0,
                      "status": "passed",
                      "duration": 6775,
                      "errors": [],
                      "stdout": [],
                      "stderr": [],
                      "retry": 0,
                      "startTime": "2025-10-28T02:22:29.240Z",
                      "annotations": [],
                      "attachments": []
                    }
                  ],
                  "status": "expected"
                }
              ],
              "id": "14bef32a269f3c3a173b-06651bcab9f223cf6f4e",
              "file": "03-admin-features.spec.ts",
              "line": 26,
              "column": 7
            },
            {
              "title": "should navigate to Users management",
              "ok": true,
              "tags": [],
              "tests": [
                {
                  "timeout": 30000,
                  "annotations": [],
                  "expectedStatus": "passed",
                  "projectId": "chromium",
                  "projectName": "chromium",
                  "results": [
                    {
                      "workerIndex": 2,
                      "parallelIndex": 0,
                      "status": "passed",
                      "duration": 9514,
                      "errors": [],
                      "stdout": [],
                      "stderr": [],
                      "retry": 0,
                      "startTime": "2025-10-28T02:22:36.052Z",
                      "annotations": [],
                      "attachments": []
                    }
                  ],
                  "status": "expected"
                }
              ],
              "id": "14bef32a269f3c3a173b-b8df72dba5d6ef942daf",
              "file": "03-admin-features.spec.ts",
              "line": 36,
              "column": 7
            },
            {
              "title": "should navigate to Properties management",
              "ok": true,
              "tags": [],
              "tests": [
                {
                  "timeout": 30000,
                  "annotations": [],
                  "expectedStatus": "passed",
                  "projectId": "chromium",
                  "projectName": "chromium",
                  "results": [
                    {
                      "workerIndex": 2,
                      "parallelIndex": 0,
                      "status": "passed",
                      "duration": 6619,
                      "errors": [],
                      "stdout": [],
                      "stderr": [],
                      "retry": 0,
                      "startTime": "2025-10-28T02:22:45.600Z",
                      "annotations": [],
                      "attachments": []
                    }
                  ],
                  "status": "expected"
                }
              ],
              "id": "14bef32a269f3c3a173b-f6b878f8edb831549d4c",
              "file": "03-admin-features.spec.ts",
              "line": 49,
              "column": 7
            },
            {
              "title": "should display properties table",
              "ok": true,
              "tags": [],
              "tests": [
                {
                  "timeout": 30000,
                  "annotations": [],
                  "expectedStatus": "passed",
                  "projectId": "chromium",
                  "projectName": "chromium",
                  "results": [
                    {
                      "workerIndex": 2,
                      "parallelIndex": 0,
                      "status": "passed",
                      "duration": 6745,
                      "errors": [],
                      "stdout": [],
                      "stderr": [],
                      "retry": 0,
                      "startTime": "2025-10-28T02:22:52.256Z",
                      "annotations": [],
                      "attachments": []
                    }
                  ],
                  "status": "expected"
                }
              ],
              "id": "14bef32a269f3c3a173b-f353f57edf7334327fa5",
              "file": "03-admin-features.spec.ts",
              "line": 62,
              "column": 7
            },
            {
              "title": "should have Add Property button",
              "ok": false,
              "tags": [],
              "tests": [
                {
                  "timeout": 30000,
                  "annotations": [],
                  "expectedStatus": "passed",
                  "projectId": "chromium",
                  "projectName": "chromium",
                  "results": [
                    {
                      "workerIndex": 2,
                      "parallelIndex": 0,
                      "status": "timedOut",
                      "duration": 36623,
                      "error": {
                        "message": "\u001b[31mTest timeout of 30000ms exceeded while running \"beforeEach\" hook.\u001b[39m",
                        "stack": "\u001b[31mTest timeout of 30000ms exceeded while running \"beforeEach\" hook.\u001b[39m\n    at D:\\SADS2\\tests\\03-admin-features.spec.ts:4:8",
                        "location": {
                          "file": "D:\\SADS2\\tests\\03-admin-features.spec.ts",
                          "column": 8,
                          "line": 4
                        },
                        "snippet": "  2 |\n  3 | test.describe('Admin Features Tests', () => {\n> 4 |   test.beforeEach(async ({ page }) => {\n    |        ^\n  5 |     await page.goto('/login');\n  6 |     \n  7 |     // Try admin login"
                      },
                      "errors": [
                        {
                          "location": {
                            "file": "D:\\SADS2\\tests\\03-admin-features.spec.ts",
                            "column": 8,
                            "line": 4
                          },
                          "message": "\u001b[31mTest timeout of 30000ms exceeded while running \"beforeEach\" hook.\u001b[39m\n\n  2 |\n  3 | test.describe('Admin Features Tests', () => {\n> 4 |   test.beforeEach(async ({ page }) => {\n    |        ^\n  5 |     await page.goto('/login');\n  6 |     \n  7 |     // Try admin login\n    at D:\\SADS2\\tests\\03-admin-features.spec.ts:4:8"
                        },
                        {
                          "location": {
                            "file": "D:\\SADS2\\tests\\03-admin-features.spec.ts",
                            "column": 16,
                            "line": 5
                          },
                          "message": "Error: page.goto: Test timeout of 30000ms exceeded.\nCall log:\n\u001b[2m  - navigating to \"http://localhost:5174/login\", waiting until \"load\"\u001b[22m\n\n\n  3 | test.describe('Admin Features Tests', () => {\n  4 |   test.beforeEach(async ({ page }) => {\n> 5 |     await page.goto('/login');\n    |                ^\n  6 |     \n  7 |     // Try admin login\n  8 |     await page.fill('input[type=\"email\"]', 'admin@sads.local');\n    at D:\\SADS2\\tests\\03-admin-features.spec.ts:5:16"
                        }
                      ],
                      "stdout": [],
                      "stderr": [],
                      "retry": 0,
                      "startTime": "2025-10-28T02:22:59.026Z",
                      "annotations": [],
                      "attachments": [
                        {
                          "name": "video",
                          "contentType": "video/webm",
                          "path": "D:\\SADS2\\test-results\\03-admin-features-Admin-Fe-e770f-ld-have-Add-Property-button-chromium\\video.webm"
                        },
                        {
                          "name": "error-context",
                          "contentType": "text/markdown",
                          "path": "D:\\SADS2\\test-results\\03-admin-features-Admin-Fe-e770f-ld-have-Add-Property-button-chromium\\error-context.md"
                        }
                      ],
                      "errorLocation": {
                        "file": "D:\\SADS2\\tests\\03-admin-features.spec.ts",
                        "column": 8,
                        "line": 4
                      }
                    }
                  ],
                  "status": "unexpected"
                }
              ],
              "id": "14bef32a269f3c3a173b-000dde13e74ba1d09d6d",
              "file": "03-admin-features.spec.ts",
              "line": 74,
              "column": 7
            },
            {
              "title": "should display property actions (view/edit/delete)",
              "ok": true,
              "tags": [],
              "tests": [
                {
                  "timeout": 30000,
                  "annotations": [],
                  "expectedStatus": "passed",
                  "projectId": "chromium",
                  "projectName": "chromium",
                  "results": [
                    {
                      "workerIndex": 3,
                      "parallelIndex": 0,
                      "status": "passed",
                      "duration": 10645,
                      "errors": [],
                      "stdout": [],
                      "stderr": [],
                      "retry": 0,
                      "startTime": "2025-10-28T02:23:38.323Z",
                      "annotations": [],
                      "attachments": []
                    }
                  ],
                  "status": "expected"
                }
              ],
              "id": "14bef32a269f3c3a173b-7e6121f7653db0f25122",
              "file": "03-admin-features.spec.ts",
              "line": 86,
              "column": 7
            },
            {
              "title": "should navigate to Employees page",
              "ok": false,
              "tags": [],
              "tests": [
                {
                  "timeout": 30000,
                  "annotations": [],
                  "expectedStatus": "passed",
                  "projectId": "chromium",
                  "projectName": "chromium",
                  "results": [
                    {
                      "workerIndex": 3,
                      "parallelIndex": 0,
                      "status": "timedOut",
                      "duration": 39181,
                      "error": {
                        "message": "\u001b[31mTest timeout of 30000ms exceeded while running \"beforeEach\" hook.\u001b[39m",
                        "stack": "\u001b[31mTest timeout of 30000ms exceeded while running \"beforeEach\" hook.\u001b[39m\n    at D:\\SADS2\\tests\\03-admin-features.spec.ts:4:8",
                        "location": {
                          "file": "D:\\SADS2\\tests\\03-admin-features.spec.ts",
                          "column": 8,
                          "line": 4
                        },
                        "snippet": "  2 |\n  3 | test.describe('Admin Features Tests', () => {\n> 4 |   test.beforeEach(async ({ page }) => {\n    |        ^\n  5 |     await page.goto('/login');\n  6 |     \n  7 |     // Try admin login"
                      },
                      "errors": [
                        {
                          "location": {
                            "file": "D:\\SADS2\\tests\\03-admin-features.spec.ts",
                            "column": 8,
                            "line": 4
                          },
                          "message": "\u001b[31mTest timeout of 30000ms exceeded while running \"beforeEach\" hook.\u001b[39m\n\n  2 |\n  3 | test.describe('Admin Features Tests', () => {\n> 4 |   test.beforeEach(async ({ page }) => {\n    |        ^\n  5 |     await page.goto('/login');\n  6 |     \n  7 |     // Try admin login\n    at D:\\SADS2\\tests\\03-admin-features.spec.ts:4:8"
                        },
                        {
                          "location": {
                            "file": "D:\\SADS2\\tests\\03-admin-features.spec.ts",
                            "column": 16,
                            "line": 5
                          },
                          "message": "Error: page.goto: Test timeout of 30000ms exceeded.\nCall log:\n\u001b[2m  - navigating to \"http://localhost:5174/login\", waiting until \"load\"\u001b[22m\n\n\n  3 | test.describe('Admin Features Tests', () => {\n  4 |   test.beforeEach(async ({ page }) => {\n> 5 |     await page.goto('/login');\n    |                ^\n  6 |     \n  7 |     // Try admin login\n  8 |     await page.fill('input[type=\"email\"]', 'admin@sads.local');\n    at D:\\SADS2\\tests\\03-admin-features.spec.ts:5:16"
                        }
                      ],
                      "stdout": [],
                      "stderr": [],
                      "retry": 0,
                      "startTime": "2025-10-28T02:23:50.181Z",
                      "annotations": [],
                      "attachments": [
                        {
                          "name": "video",
                          "contentType": "video/webm",
                          "path": "D:\\SADS2\\test-results\\03-admin-features-Admin-Fe-28fba--navigate-to-Employees-page-chromium\\video.webm"
                        },
                        {
                          "name": "error-context",
                          "contentType": "text/markdown",
                          "path": "D:\\SADS2\\test-results\\03-admin-features-Admin-Fe-28fba--navigate-to-Employees-page-chromium\\error-context.md"
                        }
                      ],
                      "errorLocation": {
                        "file": "D:\\SADS2\\tests\\03-admin-features.spec.ts",
                        "column": 8,
                        "line": 4
                      }
                    }
                  ],
                  "status": "unexpected"
                }
              ],
              "id": "14bef32a269f3c3a173b-bde60de775cff5961d2f",
              "file": "03-admin-features.spec.ts",
              "line": 100,
              "column": 7
            },
            {
              "title": "should navigate to Reports page",
              "ok": true,
              "tags": [],
              "tests": [
                {
                  "timeout": 30000,
                  "annotations": [],
                  "expectedStatus": "passed",
                  "projectId": "chromium",
                  "projectName": "chromium",
                  "results": [
                    {
                      "workerIndex": 4,
                      "parallelIndex": 0,
                      "status": "passed",
                      "duration": 9172,
                      "errors": [],
                      "stdout": [],
                      "stderr": [],
                      "retry": 0,
                      "startTime": "2025-10-28T02:24:32.070Z",
                      "annotations": [],
                      "attachments": []
                    }
                  ],
                  "status": "expected"
                }
              ],
              "id": "14bef32a269f3c3a173b-e1c2d27a803f4ccd9ad9",
              "file": "03-admin-features.spec.ts",
              "line": 113,
              "column": 7
            },
            {
              "title": "should display admin stats/metrics",
              "ok": true,
              "tags": [],
              "tests": [
                {
                  "timeout": 30000,
                  "annotations": [],
                  "expectedStatus": "passed",
                  "projectId": "chromium",
                  "projectName": "chromium",
                  "results": [
                    {
                      "workerIndex": 4,
                      "parallelIndex": 0,
                      "status": "passed",
                      "duration": 7411,
                      "errors": [],
                      "stdout": [],
                      "stderr": [],
                      "retry": 0,
                      "startTime": "2025-10-28T02:24:42.473Z",
                      "annotations": [],
                      "attachments": []
                    }
                  ],
                  "status": "expected"
                }
              ],
              "id": "14bef32a269f3c3a173b-1b28b6e906dc7090c00c",
              "file": "03-admin-features.spec.ts",
              "line": 126,
              "column": 7
            },
            {
              "title": "should have admin logout functionality",
              "ok": true,
              "tags": [],
              "tests": [
                {
                  "timeout": 30000,
                  "annotations": [],
                  "expectedStatus": "passed",
                  "projectId": "chromium",
                  "projectName": "chromium",
                  "results": [
                    {
                      "workerIndex": 4,
                      "parallelIndex": 0,
                      "status": "passed",
                      "duration": 10131,
                      "errors": [],
                      "stdout": [],
                      "stderr": [],
                      "retry": 0,
                      "startTime": "2025-10-28T02:24:49.930Z",
                      "annotations": [],
                      "attachments": []
                    }
                  ],
                  "status": "expected"
                }
              ],
              "id": "14bef32a269f3c3a173b-b47ec0c17a632869901a",
              "file": "03-admin-features.spec.ts",
              "line": 140,
              "column": 7
            }
          ]
        }
      ]
    },
    {
      "title": "04-reports-export.spec.ts",
      "file": "04-reports-export.spec.ts",
      "column": 0,
      "line": 0,
      "specs": [],
      "suites": [
        {
          "title": "Reports and Export Tests",
          "file": "04-reports-export.spec.ts",
          "line": 3,
          "column": 6,
          "specs": [
            {
              "title": "should navigate to reports page",
              "ok": true,
              "tags": [],
              "tests": [
                {
                  "timeout": 30000,
                  "annotations": [],
                  "expectedStatus": "passed",
                  "projectId": "chromium",
                  "projectName": "chromium",
                  "results": [
                    {
                      "workerIndex": 4,
                      "parallelIndex": 0,
                      "status": "passed",
                      "duration": 7296,
                      "errors": [],
                      "stdout": [],
                      "stderr": [],
                      "retry": 0,
                      "startTime": "2025-10-28T02:25:00.109Z",
                      "annotations": [],
                      "attachments": []
                    }
                  ],
                  "status": "expected"
                }
              ],
              "id": "91590bbb6b4c914bd3c0-e84f72af0554b4245b0c",
              "file": "04-reports-export.spec.ts",
              "line": 12,
              "column": 7
            },
            {
              "title": "should display date range filters",
              "ok": true,
              "tags": [],
              "tests": [
                {
                  "timeout": 30000,
                  "annotations": [],
                  "expectedStatus": "passed",
                  "projectId": "chromium",
                  "projectName": "chromium",
                  "results": [
                    {
                      "workerIndex": 4,
                      "parallelIndex": 0,
                      "status": "passed",
                      "duration": 7617,
                      "errors": [],
                      "stdout": [],
                      "stderr": [],
                      "retry": 0,
                      "startTime": "2025-10-28T02:25:07.442Z",
                      "annotations": [],
                      "attachments": []
                    }
                  ],
                  "status": "expected"
                }
              ],
              "id": "91590bbb6b4c914bd3c0-c5b4eeb863ea5d51f9fb",
              "file": "04-reports-export.spec.ts",
              "line": 23,
              "column": 7
            },
            {
              "title": "should display export button",
              "ok": true,
              "tags": [],
              "tests": [
                {
                  "timeout": 30000,
                  "annotations": [],
                  "expectedStatus": "passed",
                  "projectId": "chromium",
                  "projectName": "chromium",
                  "results": [
                    {
                      "workerIndex": 4,
                      "parallelIndex": 0,
                      "status": "passed",
                      "duration": 7301,
                      "errors": [],
                      "stdout": [],
                      "stderr": [],
                      "retry": 0,
                      "startTime": "2025-10-28T02:25:15.097Z",
                      "annotations": [],
                      "attachments": []
                    }
                  ],
                  "status": "expected"
                }
              ],
              "id": "91590bbb6b4c914bd3c0-53e9f6cb0db24381e647",
              "file": "04-reports-export.spec.ts",
              "line": 37,
              "column": 7
            },
            {
              "title": "should display reports table with columns",
              "ok": true,
              "tags": [],
              "tests": [
                {
                  "timeout": 30000,
                  "annotations": [],
                  "expectedStatus": "passed",
                  "projectId": "chromium",
                  "projectName": "chromium",
                  "results": [
                    {
                      "workerIndex": 4,
                      "parallelIndex": 0,
                      "status": "passed",
                      "duration": 6978,
                      "errors": [],
                      "stdout": [],
                      "stderr": [],
                      "retry": 0,
                      "startTime": "2025-10-28T02:25:22.444Z",
                      "annotations": [],
                      "attachments": []
                    }
                  ],
                  "status": "expected"
                }
              ],
              "id": "91590bbb6b4c914bd3c0-6ae8ea6211e83ebc2b2b",
              "file": "04-reports-export.spec.ts",
              "line": 49,
              "column": 7
            },
            {
              "title": "should display summary cards",
              "ok": true,
              "tags": [],
              "tests": [
                {
                  "timeout": 30000,
                  "annotations": [],
                  "expectedStatus": "passed",
                  "projectId": "chromium",
                  "projectName": "chromium",
                  "results": [
                    {
                      "workerIndex": 4,
                      "parallelIndex": 0,
                      "status": "passed",
                      "duration": 7322,
                      "errors": [],
                      "stdout": [],
                      "stderr": [],
                      "retry": 0,
                      "startTime": "2025-10-28T02:25:29.474Z",
                      "annotations": [],
                      "attachments": []
                    }
                  ],
                  "status": "expected"
                }
              ],
              "id": "91590bbb6b4c914bd3c0-728835741671c862dc42",
              "file": "04-reports-export.spec.ts",
              "line": 66,
              "column": 7
            },
            {
              "title": "should handle export button click",
              "ok": true,
              "tags": [],
              "tests": [
                {
                  "timeout": 30000,
                  "annotations": [],
                  "expectedStatus": "passed",
                  "projectId": "chromium",
                  "projectName": "chromium",
                  "results": [
                    {
                      "workerIndex": 4,
                      "parallelIndex": 0,
                      "status": "passed",
                      "duration": 6903,
                      "errors": [],
                      "stdout": [],
                      "stderr": [],
                      "retry": 0,
                      "startTime": "2025-10-28T02:25:36.838Z",
                      "annotations": [],
                      "attachments": []
                    }
                  ],
                  "status": "expected"
                }
              ],
              "id": "91590bbb6b4c914bd3c0-5fbd04defb1ea868d9eb",
              "file": "04-reports-export.spec.ts",
              "line": 79,
              "column": 7
            },
            {
              "title": "should filter reports by date range",
              "ok": true,
              "tags": [],
              "tests": [
                {
                  "timeout": 30000,
                  "annotations": [],
                  "expectedStatus": "passed",
                  "projectId": "chromium",
                  "projectName": "chromium",
                  "results": [
                    {
                      "workerIndex": 4,
                      "parallelIndex": 0,
                      "status": "passed",
                      "duration": 6764,
                      "errors": [],
                      "stdout": [],
                      "stderr": [],
                      "retry": 0,
                      "startTime": "2025-10-28T02:25:43.785Z",
                      "annotations": [],
                      "attachments": []
                    }
                  ],
                  "status": "expected"
                }
              ],
              "id": "91590bbb6b4c914bd3c0-aae1a814e09030eb1e69",
              "file": "04-reports-export.spec.ts",
              "line": 103,
              "column": 7
            },
            {
              "title": "should display accuracy badges with colors",
              "ok": true,
              "tags": [],
              "tests": [
                {
                  "timeout": 30000,
                  "annotations": [],
                  "expectedStatus": "passed",
                  "projectId": "chromium",
                  "projectName": "chromium",
                  "results": [
                    {
                      "workerIndex": 4,
                      "parallelIndex": 0,
                      "status": "passed",
                      "duration": 6978,
                      "errors": [],
                      "stdout": [],
                      "stderr": [],
                      "retry": 0,
                      "startTime": "2025-10-28T02:25:50.585Z",
                      "annotations": [],
                      "attachments": []
                    }
                  ],
                  "status": "expected"
                }
              ],
              "id": "91590bbb6b4c914bd3c0-ce5301b11bcd97b9f4f3",
              "file": "04-reports-export.spec.ts",
              "line": 120,
              "column": 7
            },
            {
              "title": "should navigate back from reports page",
              "ok": true,
              "tags": [],
              "tests": [
                {
                  "timeout": 30000,
                  "annotations": [],
                  "expectedStatus": "passed",
                  "projectId": "chromium",
                  "projectName": "chromium",
                  "results": [
                    {
                      "workerIndex": 4,
                      "parallelIndex": 0,
                      "status": "passed",
                      "duration": 9605,
                      "errors": [],
                      "stdout": [],
                      "stderr": [],
                      "retry": 0,
                      "startTime": "2025-10-28T02:25:57.595Z",
                      "annotations": [],
                      "attachments": []
                    }
                  ],
                  "status": "expected"
                }
              ],
              "id": "91590bbb6b4c914bd3c0-c101dd10f3016b60e35a",
              "file": "04-reports-export.spec.ts",
              "line": 134,
              "column": 7
            },
            {
              "title": "should display \"View All\" link on dashboard",
              "ok": true,
              "tags": [],
              "tests": [
                {
                  "timeout": 30000,
                  "annotations": [],
                  "expectedStatus": "passed",
                  "projectId": "chromium",
                  "projectName": "chromium",
                  "results": [
                    {
                      "workerIndex": 4,
                      "parallelIndex": 0,
                      "status": "passed",
                      "duration": 7320,
                      "errors": [],
                      "stdout": [],
                      "stderr": [],
                      "retry": 0,
                      "startTime": "2025-10-28T02:26:07.229Z",
                      "annotations": [],
                      "attachments": []
                    }
                  ],
                  "status": "expected"
                }
              ],
              "id": "91590bbb6b4c914bd3c0-873f12319f2591b73b77",
              "file": "04-reports-export.spec.ts",
              "line": 148,
              "column": 7
            }
          ]
        }
      ]
    }
  ],
  "errors": [],
  "stats": {
    "startTime": "2025-10-28T02:19:16.773Z",
    "duration": 418022.239,
    "expected": 37,
    "skipped": 0,
    "unexpected": 4,
    "flaky": 0
  }
}

  Serving HTML report at http://localhost:3809. Press Ctrl+C to quit.
